// Jest Snapshot v1, https://goo.gl/fbAQLP

exports[`Server Snapshot should match snapshot 1`] = `{}`;

exports[`should match snapshot 1`] = `{}`;
